#-----------------------------------------------------------
# Vivado v2013.3 (64-bit)
# SW Build 329390 on Wed Oct 16 18:26:55 MDT 2013
# IP Build 192953 on Wed Oct 16 08:44:02 MDT 2013
# Start of session at: Wed Jul 30 14:11:28 2014
# Process ID: 25670
# Log file: /home/vladimir/cf_ad9467_zed/__xps/vivado.log
# Journal file: /home/vladimir/cf_ad9467_zed/__xps/vivado.jou
#-----------------------------------------------------------
start_gui
open_project /home/vladimir/stas/final_dma/testDMA.xpr
open_bd_design {/home/vladimir/stas/final_dma/testDMA.srcs/sources_1/bd/testDMA/testDMA.bd}
ipx::edit_ip_in_project -upgrade true -name {edit_ip} -directory {/home/vladimir/stas/final_dma/IPCore/myip_6.0} {/home/vladimir/stas/final_dma/IPCore/myip_6.0/component.xml}
current_project testDMA
ipx::edit_ip_in_project -upgrade true -name {edit_ip1} -directory {/home/vladimir/stas/final_dma/IPCore/def_stream_1.0} {/home/vladimir/stas/final_dma/IPCore/def_stream_1.0/component.xml}
current_project testDMA
current_project edit_ip
current_project testDMA
