10:15:11 **** Incremental Build of configuration Release for project fsbl ****
make all 
Building file: ../src/ddr_init.c
Invoking: ARM gcc compiler
arm-xilinx-eabi-gcc -Wall -O2 -c -fmessage-length=0 -I../../fsbl_bsp/ps7_cortexa9_0/include -MMD -MP -MF"src/ddr_init.d" -MT"src/ddr_init.d" -o "src/ddr_init.o" "../src/ddr_init.c"
Finished building: ../src/ddr_init.c
 
Building file: ../src/ff.c
Invoking: ARM gcc compiler
arm-xilinx-eabi-gcc -Wall -O2 -c -fmessage-length=0 -I../../fsbl_bsp/ps7_cortexa9_0/include -MMD -MP -MF"src/ff.d" -MT"src/ff.d" -o "src/ff.o" "../src/ff.c"
Finished building: ../src/ff.c
 
Building file: ../src/fsbl_handoff.S
Invoking: ARM gcc compiler
arm-xilinx-eabi-gcc -Wall -O2 -c -fmessage-length=0 -I../../fsbl_bsp/ps7_cortexa9_0/include -MMD -MP -MF"src/fsbl_handoff.d" -MT"src/fsbl_handoff.d" -o "src/fsbl_handoff.o" "../src/fsbl_handoff.S"
Finished building: ../src/fsbl_handoff.S
 
Building file: ../src/fsbl_hooks.c
Invoking: ARM gcc compiler
arm-xilinx-eabi-gcc -Wall -O2 -c -fmessage-length=0 -I../../fsbl_bsp/ps7_cortexa9_0/include -MMD -MP -MF"src/fsbl_hooks.d" -MT"src/fsbl_hooks.d" -o "src/fsbl_hooks.o" "../src/fsbl_hooks.c"
Finished building: ../src/fsbl_hooks.c
 
Building file: ../src/image_mover.c
Invoking: ARM gcc compiler
arm-xilinx-eabi-gcc -Wall -O2 -c -fmessage-length=0 -I../../fsbl_bsp/ps7_cortexa9_0/include -MMD -MP -MF"src/image_mover.d" -MT"src/image_mover.d" -o "src/image_mover.o" "../src/image_mover.c"
Finished building: ../src/image_mover.c
 
Building file: ../src/main.c
Invoking: ARM gcc compiler
arm-xilinx-eabi-gcc -Wall -O2 -c -fmessage-length=0 -I../../fsbl_bsp/ps7_cortexa9_0/include -MMD -MP -MF"src/main.d" -MT"src/main.d" -o "src/main.o" "../src/main.c"
Finished building: ../src/main.c
 
Building file: ../src/md5.c
Invoking: ARM gcc compiler
arm-xilinx-eabi-gcc -Wall -O2 -c -fmessage-length=0 -I../../fsbl_bsp/ps7_cortexa9_0/include -MMD -MP -MF"src/md5.d" -MT"src/md5.d" -o "src/md5.o" "../src/md5.c"
../src/md5.c: In function 'MD5Final':
../src/md5.c:445:2: warning: dereferencing type-punned pointer will break strict-aliasing rules [-Wstrict-aliasing]
../src/md5.c:446:2: warning: dereferencing type-punned pointer will break strict-aliasing rules [-Wstrict-aliasing]
Finished building: ../src/md5.c
 
Building file: ../src/mmc.c
Invoking: ARM gcc compiler
arm-xilinx-eabi-gcc -Wall -O2 -c -fmessage-length=0 -I../../fsbl_bsp/ps7_cortexa9_0/include -MMD -MP -MF"src/mmc.d" -MT"src/mmc.d" -o "src/mmc.o" "../src/mmc.c"
Finished building: ../src/mmc.c
 
Building file: ../src/nand.c
Invoking: ARM gcc compiler
arm-xilinx-eabi-gcc -Wall -O2 -c -fmessage-length=0 -I../../fsbl_bsp/ps7_cortexa9_0/include -MMD -MP -MF"src/nand.d" -MT"src/nand.d" -o "src/nand.o" "../src/nand.c"
Finished building: ../src/nand.c
 
Building file: ../src/nor.c
Invoking: ARM gcc compiler
arm-xilinx-eabi-gcc -Wall -O2 -c -fmessage-length=0 -I../../fsbl_bsp/ps7_cortexa9_0/include -MMD -MP -MF"src/nor.d" -MT"src/nor.d" -o "src/nor.o" "../src/nor.c"
Finished building: ../src/nor.c
 
Building file: ../src/pcap.c
Invoking: ARM gcc compiler
arm-xilinx-eabi-gcc -Wall -O2 -c -fmessage-length=0 -I../../fsbl_bsp/ps7_cortexa9_0/include -MMD -MP -MF"src/pcap.d" -MT"src/pcap.d" -o "src/pcap.o" "../src/pcap.c"
Finished building: ../src/pcap.c
 
Building file: ../src/ps7_init.c
Invoking: ARM gcc compiler
arm-xilinx-eabi-gcc -Wall -O2 -c -fmessage-length=0 -I../../fsbl_bsp/ps7_cortexa9_0/include -MMD -MP -MF"src/ps7_init.d" -MT"src/ps7_init.d" -o "src/ps7_init.o" "../src/ps7_init.c"
Finished building: ../src/ps7_init.c
 
Building file: ../src/qspi.c
Invoking: ARM gcc compiler
arm-xilinx-eabi-gcc -Wall -O2 -c -fmessage-length=0 -I../../fsbl_bsp/ps7_cortexa9_0/include -MMD -MP -MF"src/qspi.d" -MT"src/qspi.d" -o "src/qspi.o" "../src/qspi.c"
Finished building: ../src/qspi.c
 
Building file: ../src/rsa.c
Invoking: ARM gcc compiler
arm-xilinx-eabi-gcc -Wall -O2 -c -fmessage-length=0 -I../../fsbl_bsp/ps7_cortexa9_0/include -MMD -MP -MF"src/rsa.d" -MT"src/rsa.d" -o "src/rsa.o" "../src/rsa.c"
Finished building: ../src/rsa.c
 
Building file: ../src/sd.c
Invoking: ARM gcc compiler
arm-xilinx-eabi-gcc -Wall -O2 -c -fmessage-length=0 -I../../fsbl_bsp/ps7_cortexa9_0/include -MMD -MP -MF"src/sd.d" -MT"src/sd.d" -o "src/sd.o" "../src/sd.c"
Finished building: ../src/sd.c
 
Building target: fsbl.elf
Invoking: ARM gcc linker
arm-xilinx-eabi-gcc -L"/home/vladimir/cf_ad9467_zed/SDK/SDK_Export/fsbl/src" -Wl,-T -Wl,../src/lscript.ld -L../../fsbl_bsp/ps7_cortexa9_0/lib -o "fsbl.elf"  ./src/ddr_init.o ./src/ff.o ./src/fsbl_handoff.o ./src/fsbl_hooks.o ./src/image_mover.o ./src/main.o ./src/md5.o ./src/mmc.o ./src/nand.o ./src/nor.o ./src/pcap.o ./src/ps7_init.o ./src/qspi.o ./src/rsa.o ./src/sd.o   -lrsa -Wl,--start-group,-lxil,-lgcc,-lc,--end-group
Finished building target: fsbl.elf
 
Invoking: ARM Print Size
arm-xilinx-eabi-size fsbl.elf  |tee "fsbl.elf.size"
   text	   data	    bss	    dec	    hex	filename
  57064	  11336	  72500	 140900	  22664	fsbl.elf
Finished building: fsbl.elf.size
 
12:53:26 **** Auto Build of project device-tree_bsp_0 ****
make -k all 
libgen -hw ../cf_ad9467_zed_hw_platform/system.xml\
	       -lp /home/vladimir/cf_ad9467_zed\
	       -pe ps7_cortexa9_0 \
	       -log libgen.log \
	       system.mss
libgen
Xilinx EDK 14.7 Build EDK_P.20131013
Copyright (c) 1995-2012 Xilinx, Inc.  All rights reserved.

Command Line: libgen -hw ../cf_ad9467_zed_hw_platform/system.xml -lp
/home/vladimir/cf_ad9467_zed -pe ps7_cortexa9_0 -log libgen.log system.mss 


Staging source files.
Running DRCs.
#--------------------------------------
# device-tree BSP DRC...
#--------------------------------------
Running generate.
#--------------------------------------
# device-tree BSP generate...
#--------------------------------------
--- device tree generator version: v1.1 ---
generating xilinx.dts
Clock Port Summary:
axi_adc_1c_0.S_AXI_ACLK connected to processing_system7_0_FCLK_CLK0:
    CLK_FREQ_HZ = WARNING: no frequency found!
axi_adc_1c_0.S_AXIS_S2MM_CLK connected to processing_system7_0_FCLK_CLK0:
    CLK_FREQ_HZ = WARNING: no frequency found!
axi_interconnect_1.INTERCONNECT_ACLK connected to
processing_system7_0_FCLK_CLK0:
    CLK_FREQ_HZ = WARNING: no frequency found!
axi_interconnect_1.S_AXI_ACLK connected to axi_interconnect_1_S_ACLK:
    CLK_FREQ_HZ = WARNING: no frequency found!
axi_interconnect_1.M_AXI_ACLK connected to axi_interconnect_1_M_ACLK:
    CLK_FREQ_HZ = WARNING: no frequency found!
axi_dma_0.s_axi_lite_aclk connected to processing_system7_0_FCLK_CLK0:
    CLK_FREQ_HZ = WARNING: no frequency found!
axi_dma_0.m_axi_sg_aclk connected to processing_system7_0_FCLK_CLK0:
    CLK_FREQ_HZ = WARNING: no frequency found!
axi_dma_0.m_axi_s2mm_aclk connected to processing_system7_0_FCLK_CLK0:
    CLK_FREQ_HZ = WARNING: no frequency found!
axi_interconnect_2.INTERCONNECT_ACLK connected to
processing_system7_0_FCLK_CLK0:
    CLK_FREQ_HZ = WARNING: no frequency found!
axi_interconnect_2.S_AXI_ACLK connected to axi_interconnect_2_S_ACLK:
    CLK_FREQ_HZ = WARNING: no frequency found!
axi_interconnect_2.M_AXI_ACLK connected to axi_interconnect_2_M_ACLK:
    CLK_FREQ_HZ = WARNING: no frequency found!
axi_spi_0.S_AXI_ACLK connected to processing_system7_0_FCLK_CLK0:
    CLK_FREQ_HZ = WARNING: no frequency found!
util_spi_3w_0.m_clk connected to processing_system7_0_FCLK_CLK0:
    CLK_FREQ_HZ = WARNING: no frequency found!
chipscope_ila_0.CLK connected to adc_clk:
    CLK_FREQ_HZ = WARNING: no frequency found!
ps7_axi_interconnect_0.M_AXI_GP0_ACLK connected to
processing_system7_0_FCLK_CLK0:
    CLK_FREQ_HZ = WARNING: no frequency found!
ps7_axi_interconnect_0.M_AXI_GP1_ACLK connected to
ps7_axi_interconnect_0_M_AXI_GP1_ACLK:
    CLK_FREQ_HZ = WARNING: no frequency found!
ps7_axi_interconnect_0.S_AXI_HP1_ACLK connected to
ps7_axi_interconnect_0_S_AXI_HP1_ACLK:
    CLK_FREQ_HZ = WARNING: no frequency found!
ps7_axi_interconnect_0.S_AXI_ACP_ACLK connected to
ps7_axi_interconnect_0_S_AXI_ACP_ACLK:
    CLK_FREQ_HZ = WARNING: no frequency found!
ps7_axi_interconnect_0.S_AXI_GP1_ACLK connected to
ps7_axi_interconnect_0_S_AXI_GP1_ACLK:
    CLK_FREQ_HZ = WARNING: no frequency found!
ps7_axi_interconnect_0.S_AXI_GP0_ACLK connected to
ps7_axi_interconnect_0_S_AXI_GP0_ACLK:
    CLK_FREQ_HZ = WARNING: no frequency found!
ps7_axi_interconnect_0.S_AXI_HP3_ACLK connected to
ps7_axi_interconnect_0_S_AXI_HP3_ACLK:
    CLK_FREQ_HZ = WARNING: no frequency found!
ps7_axi_interconnect_0.S_AXI_HP2_ACLK connected to
ps7_axi_interconnect_0_S_AXI_HP2_ACLK:
    CLK_FREQ_HZ = WARNING: no frequency found!
ps7_axi_interconnect_0.S_AXI_HP0_ACLK connected to
processing_system7_0_FCLK_CLK0:
    CLK_FREQ_HZ = WARNING: no frequency found!
ps7_axi_interconnect_0.S_AXI_ACLK connected to ps7_axi_interconnect_0_S_ACLK:
    CLK_FREQ_HZ = WARNING: no frequency found!
ps7_axi_interconnect_0.M_AXI_ACLK connected to ps7_axi_interconnect_0_M_ACLK:
    CLK_FREQ_HZ = WARNING: no frequency found!
IP connected to bus: ps7_axi_interconnect_0
-master M_AXI_DP ps7_axi_interconnect_0 ps7_cortexa9_0
-master M_AXI_DP ps7_axi_interconnect_0 ps7_cortexa9_1
-slave S_AXI ps7_axi_interconnect_0 ps7_uart_1
-slave S_AXI ps7_axi_interconnect_0 ps7_i2c_0
-slave S_AXI ps7_axi_interconnect_0 ps7_afi_0
-slave S_AXI ps7_axi_interconnect_0 ps7_afi_1
-slave S_AXI ps7_axi_interconnect_0 ps7_afi_2
-slave S_AXI ps7_axi_interconnect_0 ps7_afi_3
-slave S_AXI ps7_axi_interconnect_0 ps7_sd_0
-slave S_AXI ps7_axi_interconnect_0 ps7_ttc_0
-slave S_AXI ps7_axi_interconnect_0 ps7_ethernet_0
-slave S_AXI ps7_axi_interconnect_0 ps7_usb_0
-slave S_AXI ps7_axi_interconnect_0 ps7_qspi_0
-slave S_AXI ps7_axi_interconnect_0 ps7_qspi_linear_0
-slave S_AXI ps7_axi_interconnect_0 ps7_pjtag_0
-slave S_AXI ps7_axi_interconnect_0 ps7_ddr_0
-slave S_AXI ps7_axi_interconnect_0 ps7_gpio_0
-slave S_AXI ps7_axi_interconnect_0 ps7_ddrc_0
-slave S_AXI ps7_axi_interconnect_0 ps7_dev_cfg_0
-slave S_AXI ps7_axi_interconnect_0 ps7_xadc_0
-slave S_AXI ps7_axi_interconnect_0 ps7_coresight_comp_0
-slave S_AXI ps7_axi_interconnect_0 ps7_ocmc_0
-slave S_AXI ps7_axi_interconnect_0 ps7_gpv_0
-slave S_AXI ps7_axi_interconnect_0 ps7_scuc_0
-slave S_AXI ps7_axi_interconnect_0 ps7_intc_dist_0
-slave S_AXI ps7_axi_interconnect_0 ps7_globaltimer_0
-slave S_AXI ps7_axi_interconnect_0 ps7_l2cachec_0
-slave S_AXI_LITE ps7_axi_interconnect_0 ps7_dma_s
-slave S_AXI ps7_axi_interconnect_0 ps7_iop_bus_config_0
-slave S_AXI ps7_axi_interconnect_0 ps7_ram_0
-slave S_AXI ps7_axi_interconnect_0 ps7_ram_1
-slave S_AXI ps7_axi_interconnect_0 ps7_scugic_0
-slave S_AXI ps7_axi_interconnect_0 ps7_scutimer_0
-slave S_AXI ps7_axi_interconnect_0 ps7_scuwdt_0
-slave S_AXI ps7_axi_interconnect_0 ps7_slcr_0
-slave S_AXI_LITE ps7_axi_interconnect_0 ps7_dma_ns
-slave axi_adc_1c_0
-slave axi_dma_0
-slave axi_spi_0
-slave ps7_afi_0
IP 75869680 ps7_afi_0 is already appended - skip it
-slave ps7_afi_1
IP 75870080 ps7_afi_1 is already appended - skip it
-slave ps7_afi_2
IP 75870480 ps7_afi_2 is already appended - skip it
-slave ps7_afi_3
IP 75870880 ps7_afi_3 is already appended - skip it
-slave ps7_coresight_comp_0
IP 75876480 ps7_coresight_comp_0 is already appended - skip it
-slave ps7_ddr_0
IP 75874080 ps7_ddr_0 is already appended - skip it
-slave ps7_ddrc_0
IP 75875280 ps7_ddrc_0 is already appended - skip it
-slave ps7_dev_cfg_0
IP 75875680 ps7_dev_cfg_0 is already appended - skip it
-slave ps7_dma_ns
-slave ps7_dma_s
IP 75879280 ps7_dma_s is already appended - skip it
-slave ps7_ethernet_0
IP 75872080 ps7_ethernet_0 is already appended - skip it
-slave ps7_globaltimer_0
IP 75878480 ps7_globaltimer_0 is already appended - skip it
-slave ps7_gpio_0
IP 75874480 ps7_gpio_0 is already appended - skip it
-slave ps7_gpv_0
IP 75877280 ps7_gpv_0 is already appended - skip it
-slave ps7_i2c_0
IP 75869280 ps7_i2c_0 is already appended - skip it
-slave ps7_intc_dist_0
IP 75878080 ps7_intc_dist_0 is already appended - skip it
-slave ps7_iop_bus_config_0
IP 75879680 ps7_iop_bus_config_0 is already appended - skip it
-slave ps7_l2cachec_0
IP 75878880 ps7_l2cachec_0 is already appended - skip it
-slave ps7_ocmc_0
IP 75876880 ps7_ocmc_0 is already appended - skip it
-slave ps7_pjtag_0
IP 75873680 ps7_pjtag_0 is already appended - skip it
-slave ps7_qspi_0
IP 75872880 ps7_qspi_0 is already appended - skip it
-slave ps7_qspi_linear_0
IP 75873280 ps7_qspi_linear_0 is already appended - skip it
-slave ps7_ram_0
IP 75880080 ps7_ram_0 is already appended - skip it
-slave ps7_ram_1
IP 75880480 ps7_ram_1 is already appended - skip it
-slave ps7_scuc_0
IP 75877680 ps7_scuc_0 is already appended - skip it
-slave ps7_scugic_0
IP 75880880 ps7_scugic_0 is already appended - skip it
-slave ps7_scutimer_0
IP 75881280 ps7_scutimer_0 is already appended - skip it
-slave ps7_scuwdt_0
IP 75881680 ps7_scuwdt_0 is already appended - skip it
-slave ps7_sd_0
IP 75871280 ps7_sd_0 is already appended - skip it
-slave ps7_slcr_0
IP 75882080 ps7_slcr_0 is already appended - skip it
-slave ps7_ttc_0
IP 75871680 ps7_ttc_0 is already appended - skip it
-slave ps7_uart_1
IP 75934976 ps7_uart_1 is already appended - skip it
-slave ps7_usb_0
IP 75872480 ps7_usb_0 is already appended - skip it
-slave ps7_xadc_0
IP 75876080 ps7_xadc_0 is already appended - skip it
ps7_afi_0
ps7_afi_1
ps7_afi_2
ps7_afi_3
ps7_pjtag_0
ps7_coresight_comp_0
ps7_ocmc_0
ps7_gpv_0
ps7_scuc_0
ps7_intc_dist_0
ps7_globaltimer_0
ps7_l2cachec_0
axi_adc_1c_0
{serial0 aliasref ps7_uart_1 0} {i2c0 aliasref ps7_i2c_0 0} {ethernet0 aliasref
ps7_ethernet_0 0} {spi0 aliasref ps7_qspi_0 0} {spi1 aliasref axi_spi_0 1}
Running post_generate.
Running execs_generate.
Finished building libraries
12:53:30 **** Auto Build of project fsbl_bsp ****
make -k all 
libgen -hw ../cf_ad9467_zed_hw_platform/system.xml\
	       -lp /home/vladimir/cf_ad9467_zed\
	       -pe ps7_cortexa9_0 \
	       -log libgen.log \
	       system.mss
libgen
Xilinx EDK 14.7 Build EDK_P.20131013
Copyright (c) 1995-2012 Xilinx, Inc.  All rights reserved.

Command Line: libgen -hw ../cf_ad9467_zed_hw_platform/system.xml -lp
/home/vladimir/cf_ad9467_zed -pe ps7_cortexa9_0 -log libgen.log system.mss 


Staging source files.
Running DRCs.
Running generate.
Running post_generate.
Running include - 'gmake -s include "COMPILER=arm-xilinx-eabi-gcc"
"ARCHIVER=arm-xilinx-eabi-ar" "COMPILER_FLAGS= -O2 -c"
"EXTRA_COMPILER_FLAGS=-g"'.

Running libs - 'gmake -s libs "COMPILER=arm-xilinx-eabi-gcc"
"ARCHIVER=arm-xilinx-eabi-ar" "COMPILER_FLAGS= -O2 -c"
"EXTRA_COMPILER_FLAGS=-g"'.
Compiling common
arm-xilinx-eabi-ar: creating ../../../lib/libxil.a
Compiling standalone
Compiling axidma
Compiling spi
Compiling devcfg
Compiling dmaps
Compiling emacps
Compiling gpiops
Compiling iicps
Compiling qspips
Compiling scugic
Compiling scutimer
Compiling scuwdt
Compiling ttcps
Compiling uartps
Compiling usbps
Compiling xadcps
Compiling cpu_cortexa9
Running execs_generate.
Finished building libraries
12:53:46 **** Clean-only build of configuration Release for project fsbl ****
make clean 
rm -rf  ./src/ddr_init.o ./src/ff.o ./src/fsbl_handoff.o ./src/fsbl_hooks.o ./src/image_mover.o ./src/main.o ./src/md5.o ./src/mmc.o ./src/nand.o ./src/nor.o ./src/pcap.o ./src/ps7_init.o ./src/qspi.o ./src/rsa.o ./src/sd.o  ./src/ddr_init.d ./src/ff.d ./src/fsbl_hooks.d ./src/image_mover.d ./src/main.d ./src/md5.d ./src/mmc.d ./src/nand.d ./src/nor.d ./src/pcap.d ./src/ps7_init.d ./src/qspi.d ./src/rsa.d ./src/sd.d  fsbl.elf.size  ./src/fsbl_handoff.d  fsbl.elf
 
12:53:46 **** Auto Build of configuration Release for project fsbl ****
make all 
Building file: ../src/ddr_init.c
Invoking: ARM gcc compiler
arm-xilinx-eabi-gcc -Wall -O2 -c -fmessage-length=0 -I../../fsbl_bsp/ps7_cortexa9_0/include -MMD -MP -MF"src/ddr_init.d" -MT"src/ddr_init.d" -o "src/ddr_init.o" "../src/ddr_init.c"
Finished building: ../src/ddr_init.c
 
Building file: ../src/ff.c
Invoking: ARM gcc compiler
arm-xilinx-eabi-gcc -Wall -O2 -c -fmessage-length=0 -I../../fsbl_bsp/ps7_cortexa9_0/include -MMD -MP -MF"src/ff.d" -MT"src/ff.d" -o "src/ff.o" "../src/ff.c"
Finished building: ../src/ff.c
 
Building file: ../src/fsbl_handoff.S
Invoking: ARM gcc compiler
arm-xilinx-eabi-gcc -Wall -O2 -c -fmessage-length=0 -I../../fsbl_bsp/ps7_cortexa9_0/include -MMD -MP -MF"src/fsbl_handoff.d" -MT"src/fsbl_handoff.d" -o "src/fsbl_handoff.o" "../src/fsbl_handoff.S"
Finished building: ../src/fsbl_handoff.S
 
Building file: ../src/fsbl_hooks.c
Invoking: ARM gcc compiler
arm-xilinx-eabi-gcc -Wall -O2 -c -fmessage-length=0 -I../../fsbl_bsp/ps7_cortexa9_0/include -MMD -MP -MF"src/fsbl_hooks.d" -MT"src/fsbl_hooks.d" -o "src/fsbl_hooks.o" "../src/fsbl_hooks.c"
Finished building: ../src/fsbl_hooks.c
 
Building file: ../src/image_mover.c
Invoking: ARM gcc compiler
arm-xilinx-eabi-gcc -Wall -O2 -c -fmessage-length=0 -I../../fsbl_bsp/ps7_cortexa9_0/include -MMD -MP -MF"src/image_mover.d" -MT"src/image_mover.d" -o "src/image_mover.o" "../src/image_mover.c"
Finished building: ../src/image_mover.c
 
Building file: ../src/main.c
Invoking: ARM gcc compiler
arm-xilinx-eabi-gcc -Wall -O2 -c -fmessage-length=0 -I../../fsbl_bsp/ps7_cortexa9_0/include -MMD -MP -MF"src/main.d" -MT"src/main.d" -o "src/main.o" "../src/main.c"
Finished building: ../src/main.c
 
Building file: ../src/md5.c
Invoking: ARM gcc compiler
arm-xilinx-eabi-gcc -Wall -O2 -c -fmessage-length=0 -I../../fsbl_bsp/ps7_cortexa9_0/include -MMD -MP -MF"src/md5.d" -MT"src/md5.d" -o "src/md5.o" "../src/md5.c"
../src/md5.c: In function 'MD5Final':
../src/md5.c:445:2: warning: dereferencing type-punned pointer will break strict-aliasing rules [-Wstrict-aliasing]
../src/md5.c:446:2: warning: dereferencing type-punned pointer will break strict-aliasing rules [-Wstrict-aliasing]
Finished building: ../src/md5.c
 
Building file: ../src/mmc.c
Invoking: ARM gcc compiler
arm-xilinx-eabi-gcc -Wall -O2 -c -fmessage-length=0 -I../../fsbl_bsp/ps7_cortexa9_0/include -MMD -MP -MF"src/mmc.d" -MT"src/mmc.d" -o "src/mmc.o" "../src/mmc.c"
Finished building: ../src/mmc.c
 
Building file: ../src/nand.c
Invoking: ARM gcc compiler
arm-xilinx-eabi-gcc -Wall -O2 -c -fmessage-length=0 -I../../fsbl_bsp/ps7_cortexa9_0/include -MMD -MP -MF"src/nand.d" -MT"src/nand.d" -o "src/nand.o" "../src/nand.c"
Finished building: ../src/nand.c
 
Building file: ../src/nor.c
Invoking: ARM gcc compiler
arm-xilinx-eabi-gcc -Wall -O2 -c -fmessage-length=0 -I../../fsbl_bsp/ps7_cortexa9_0/include -MMD -MP -MF"src/nor.d" -MT"src/nor.d" -o "src/nor.o" "../src/nor.c"
Finished building: ../src/nor.c
 
Building file: ../src/pcap.c
Invoking: ARM gcc compiler
arm-xilinx-eabi-gcc -Wall -O2 -c -fmessage-length=0 -I../../fsbl_bsp/ps7_cortexa9_0/include -MMD -MP -MF"src/pcap.d" -MT"src/pcap.d" -o "src/pcap.o" "../src/pcap.c"
Finished building: ../src/pcap.c
 
Building file: ../src/ps7_init.c
Invoking: ARM gcc compiler
arm-xilinx-eabi-gcc -Wall -O2 -c -fmessage-length=0 -I../../fsbl_bsp/ps7_cortexa9_0/include -MMD -MP -MF"src/ps7_init.d" -MT"src/ps7_init.d" -o "src/ps7_init.o" "../src/ps7_init.c"
Finished building: ../src/ps7_init.c
 
Building file: ../src/qspi.c
Invoking: ARM gcc compiler
arm-xilinx-eabi-gcc -Wall -O2 -c -fmessage-length=0 -I../../fsbl_bsp/ps7_cortexa9_0/include -MMD -MP -MF"src/qspi.d" -MT"src/qspi.d" -o "src/qspi.o" "../src/qspi.c"
Finished building: ../src/qspi.c
 
Building file: ../src/rsa.c
Invoking: ARM gcc compiler
arm-xilinx-eabi-gcc -Wall -O2 -c -fmessage-length=0 -I../../fsbl_bsp/ps7_cortexa9_0/include -MMD -MP -MF"src/rsa.d" -MT"src/rsa.d" -o "src/rsa.o" "../src/rsa.c"
Finished building: ../src/rsa.c
 
Building file: ../src/sd.c
Invoking: ARM gcc compiler
arm-xilinx-eabi-gcc -Wall -O2 -c -fmessage-length=0 -I../../fsbl_bsp/ps7_cortexa9_0/include -MMD -MP -MF"src/sd.d" -MT"src/sd.d" -o "src/sd.o" "../src/sd.c"
Finished building: ../src/sd.c
 
Building target: fsbl.elf
Invoking: ARM gcc linker
arm-xilinx-eabi-gcc -L"/home/vladimir/cf_ad9467_zed/SDK/SDK_Export/fsbl/src" -Wl,-T -Wl,../src/lscript.ld -L../../fsbl_bsp/ps7_cortexa9_0/lib -o "fsbl.elf"  ./src/ddr_init.o ./src/ff.o ./src/fsbl_handoff.o ./src/fsbl_hooks.o ./src/image_mover.o ./src/main.o ./src/md5.o ./src/mmc.o ./src/nand.o ./src/nor.o ./src/pcap.o ./src/ps7_init.o ./src/qspi.o ./src/rsa.o ./src/sd.o   -lrsa -Wl,--start-group,-lxil,-lgcc,-lc,--end-group
Finished building target: fsbl.elf
 
Invoking: ARM Print Size
arm-xilinx-eabi-size fsbl.elf  |tee "fsbl.elf.size"
   text	   data	    bss	    dec	    hex	filename
  57064	  11336	  72500	 140900	  22664	fsbl.elf
Finished building: fsbl.elf.size
 
14:02:14 **** Auto Build of project device-tree_bsp_0 ****
make -k all 
libgen -hw ../cf_ad9467_zed_hw_platform/system.xml\
	       -lp /home/vladimir/cf_ad9467_zed\
	       -pe ps7_cortexa9_0 \
	       -log libgen.log \
	       system.mss
libgen
Xilinx EDK 14.7 Build EDK_P.20131013
Copyright (c) 1995-2012 Xilinx, Inc.  All rights reserved.

Command Line: libgen -hw ../cf_ad9467_zed_hw_platform/system.xml -lp
/home/vladimir/cf_ad9467_zed -pe ps7_cortexa9_0 -log libgen.log system.mss 


Staging source files.
Running DRCs.
#--------------------------------------
# device-tree BSP DRC...
#--------------------------------------
Running generate.
#--------------------------------------
# device-tree BSP generate...
#--------------------------------------
--- device tree generator version: v1.1 ---
generating xilinx.dts
Clock Port Summary:
axi_adc_1c_0.S_AXI_ACLK connected to processing_system7_0_FCLK_CLK0:
    CLK_FREQ_HZ = WARNING: no frequency found!
axi_adc_1c_0.S_AXIS_S2MM_CLK connected to processing_system7_0_FCLK_CLK0:
    CLK_FREQ_HZ = WARNING: no frequency found!
axi_interconnect_1.INTERCONNECT_ACLK connected to
processing_system7_0_FCLK_CLK0:
    CLK_FREQ_HZ = WARNING: no frequency found!
axi_interconnect_1.S_AXI_ACLK connected to axi_interconnect_1_S_ACLK:
    CLK_FREQ_HZ = WARNING: no frequency found!
axi_interconnect_1.M_AXI_ACLK connected to axi_interconnect_1_M_ACLK:
    CLK_FREQ_HZ = WARNING: no frequency found!
axi_dma_0.s_axi_lite_aclk connected to processing_system7_0_FCLK_CLK0:
    CLK_FREQ_HZ = WARNING: no frequency found!
axi_dma_0.m_axi_sg_aclk connected to processing_system7_0_FCLK_CLK0:
    CLK_FREQ_HZ = WARNING: no frequency found!
axi_dma_0.m_axi_s2mm_aclk connected to processing_system7_0_FCLK_CLK0:
    CLK_FREQ_HZ = WARNING: no frequency found!
axi_interconnect_2.INTERCONNECT_ACLK connected to
processing_system7_0_FCLK_CLK0:
    CLK_FREQ_HZ = WARNING: no frequency found!
axi_interconnect_2.S_AXI_ACLK connected to axi_interconnect_2_S_ACLK:
    CLK_FREQ_HZ = WARNING: no frequency found!
axi_interconnect_2.M_AXI_ACLK connected to axi_interconnect_2_M_ACLK:
    CLK_FREQ_HZ = WARNING: no frequency found!
axi_spi_0.S_AXI_ACLK connected to processing_system7_0_FCLK_CLK0:
    CLK_FREQ_HZ = WARNING: no frequency found!
util_spi_3w_0.m_clk connected to processing_system7_0_FCLK_CLK0:
    CLK_FREQ_HZ = WARNING: no frequency found!
chipscope_ila_0.CLK connected to adc_clk:
    CLK_FREQ_HZ = WARNING: no frequency found!
ps7_axi_interconnect_0.M_AXI_GP0_ACLK connected to
processing_system7_0_FCLK_CLK0:
    CLK_FREQ_HZ = WARNING: no frequency found!
ps7_axi_interconnect_0.M_AXI_GP1_ACLK connected to
ps7_axi_interconnect_0_M_AXI_GP1_ACLK:
    CLK_FREQ_HZ = WARNING: no frequency found!
ps7_axi_interconnect_0.S_AXI_HP1_ACLK connected to
ps7_axi_interconnect_0_S_AXI_HP1_ACLK:
    CLK_FREQ_HZ = WARNING: no frequency found!
ps7_axi_interconnect_0.S_AXI_ACP_ACLK connected to
ps7_axi_interconnect_0_S_AXI_ACP_ACLK:
    CLK_FREQ_HZ = WARNING: no frequency found!
ps7_axi_interconnect_0.S_AXI_GP1_ACLK connected to
ps7_axi_interconnect_0_S_AXI_GP1_ACLK:
    CLK_FREQ_HZ = WARNING: no frequency found!
ps7_axi_interconnect_0.S_AXI_GP0_ACLK connected to
ps7_axi_interconnect_0_S_AXI_GP0_ACLK:
    CLK_FREQ_HZ = WARNING: no frequency found!
ps7_axi_interconnect_0.S_AXI_HP3_ACLK connected to
ps7_axi_interconnect_0_S_AXI_HP3_ACLK:
    CLK_FREQ_HZ = WARNING: no frequency found!
ps7_axi_interconnect_0.S_AXI_HP2_ACLK connected to
ps7_axi_interconnect_0_S_AXI_HP2_ACLK:
    CLK_FREQ_HZ = WARNING: no frequency found!
ps7_axi_interconnect_0.S_AXI_HP0_ACLK connected to
processing_system7_0_FCLK_CLK0:
    CLK_FREQ_HZ = WARNING: no frequency found!
ps7_axi_interconnect_0.S_AXI_ACLK connected to ps7_axi_interconnect_0_S_ACLK:
    CLK_FREQ_HZ = WARNING: no frequency found!
ps7_axi_interconnect_0.M_AXI_ACLK connected to ps7_axi_interconnect_0_M_ACLK:
    CLK_FREQ_HZ = WARNING: no frequency found!
IP connected to bus: ps7_axi_interconnect_0
-master M_AXI_DP ps7_axi_interconnect_0 ps7_cortexa9_0
-master M_AXI_DP ps7_axi_interconnect_0 ps7_cortexa9_1
-slave S_AXI ps7_axi_interconnect_0 ps7_uart_1
-slave S_AXI ps7_axi_interconnect_0 ps7_i2c_0
-slave S_AXI ps7_axi_interconnect_0 ps7_afi_0
-slave S_AXI ps7_axi_interconnect_0 ps7_afi_1
-slave S_AXI ps7_axi_interconnect_0 ps7_afi_2
-slave S_AXI ps7_axi_interconnect_0 ps7_afi_3
-slave S_AXI ps7_axi_interconnect_0 ps7_sd_0
-slave S_AXI ps7_axi_interconnect_0 ps7_ttc_0
-slave S_AXI ps7_axi_interconnect_0 ps7_ethernet_0
-slave S_AXI ps7_axi_interconnect_0 ps7_usb_0
-slave S_AXI ps7_axi_interconnect_0 ps7_qspi_0
-slave S_AXI ps7_axi_interconnect_0 ps7_qspi_linear_0
-slave S_AXI ps7_axi_interconnect_0 ps7_pjtag_0
-slave S_AXI ps7_axi_interconnect_0 ps7_ddr_0
-slave S_AXI ps7_axi_interconnect_0 ps7_gpio_0
-slave S_AXI ps7_axi_interconnect_0 ps7_ddrc_0
-slave S_AXI ps7_axi_interconnect_0 ps7_dev_cfg_0
-slave S_AXI ps7_axi_interconnect_0 ps7_xadc_0
-slave S_AXI ps7_axi_interconnect_0 ps7_coresight_comp_0
-slave S_AXI ps7_axi_interconnect_0 ps7_ocmc_0
-slave S_AXI ps7_axi_interconnect_0 ps7_gpv_0
-slave S_AXI ps7_axi_interconnect_0 ps7_scuc_0
-slave S_AXI ps7_axi_interconnect_0 ps7_intc_dist_0
-slave S_AXI ps7_axi_interconnect_0 ps7_globaltimer_0
-slave S_AXI ps7_axi_interconnect_0 ps7_l2cachec_0
-slave S_AXI_LITE ps7_axi_interconnect_0 ps7_dma_s
-slave S_AXI ps7_axi_interconnect_0 ps7_iop_bus_config_0
-slave S_AXI ps7_axi_interconnect_0 ps7_ram_0
-slave S_AXI ps7_axi_interconnect_0 ps7_ram_1
-slave S_AXI ps7_axi_interconnect_0 ps7_scugic_0
-slave S_AXI ps7_axi_interconnect_0 ps7_scutimer_0
-slave S_AXI ps7_axi_interconnect_0 ps7_scuwdt_0
-slave S_AXI ps7_axi_interconnect_0 ps7_slcr_0
-slave S_AXI_LITE ps7_axi_interconnect_0 ps7_dma_ns
-slave axi_adc_1c_0
-slave axi_dma_0
-slave axi_spi_0
-slave ps7_afi_0
IP 52305392 ps7_afi_0 is already appended - skip it
-slave ps7_afi_1
IP 52305792 ps7_afi_1 is already appended - skip it
-slave ps7_afi_2
IP 52306192 ps7_afi_2 is already appended - skip it
-slave ps7_afi_3
IP 52306592 ps7_afi_3 is already appended - skip it
-slave ps7_coresight_comp_0
IP 52312192 ps7_coresight_comp_0 is already appended - skip it
-slave ps7_ddr_0
IP 52309792 ps7_ddr_0 is already appended - skip it
-slave ps7_ddrc_0
IP 52310992 ps7_ddrc_0 is already appended - skip it
-slave ps7_dev_cfg_0
IP 52311392 ps7_dev_cfg_0 is already appended - skip it
-slave ps7_dma_ns
-slave ps7_dma_s
IP 52314992 ps7_dma_s is already appended - skip it
-slave ps7_ethernet_0
IP 52307792 ps7_ethernet_0 is already appended - skip it
-slave ps7_globaltimer_0
IP 52314192 ps7_globaltimer_0 is already appended - skip it
-slave ps7_gpio_0
IP 52310192 ps7_gpio_0 is already appended - skip it
-slave ps7_gpv_0
IP 52312992 ps7_gpv_0 is already appended - skip it
-slave ps7_i2c_0
IP 52304992 ps7_i2c_0 is already appended - skip it
-slave ps7_intc_dist_0
IP 52313792 ps7_intc_dist_0 is already appended - skip it
-slave ps7_iop_bus_config_0
IP 52315392 ps7_iop_bus_config_0 is already appended - skip it
-slave ps7_l2cachec_0
IP 52314592 ps7_l2cachec_0 is already appended - skip it
-slave ps7_ocmc_0
IP 52312592 ps7_ocmc_0 is already appended - skip it
-slave ps7_pjtag_0
IP 52309392 ps7_pjtag_0 is already appended - skip it
-slave ps7_qspi_0
IP 52308592 ps7_qspi_0 is already appended - skip it
-slave ps7_qspi_linear_0
IP 52308992 ps7_qspi_linear_0 is already appended - skip it
-slave ps7_ram_0
IP 52315792 ps7_ram_0 is already appended - skip it
-slave ps7_ram_1
IP 52316192 ps7_ram_1 is already appended - skip it
-slave ps7_scuc_0
IP 52313392 ps7_scuc_0 is already appended - skip it
-slave ps7_scugic_0
IP 52316592 ps7_scugic_0 is already appended - skip it
-slave ps7_scutimer_0
IP 52316992 ps7_scutimer_0 is already appended - skip it
-slave ps7_scuwdt_0
IP 52317392 ps7_scuwdt_0 is already appended - skip it
-slave ps7_sd_0
IP 52306992 ps7_sd_0 is already appended - skip it
-slave ps7_slcr_0
IP 52317792 ps7_slcr_0 is already appended - skip it
-slave ps7_ttc_0
IP 52307392 ps7_ttc_0 is already appended - skip it
-slave ps7_uart_1
IP 52370688 ps7_uart_1 is already appended - skip it
-slave ps7_usb_0
IP 52308192 ps7_usb_0 is already appended - skip it
-slave ps7_xadc_0
IP 52311792 ps7_xadc_0 is already appended - skip it
ps7_afi_0
ps7_afi_1
ps7_afi_2
ps7_afi_3
ps7_pjtag_0
ps7_coresight_comp_0
ps7_ocmc_0
ps7_gpv_0
ps7_scuc_0
ps7_intc_dist_0
ps7_globaltimer_0
ps7_l2cachec_0
axi_adc_1c_0
{serial0 aliasref ps7_uart_1 0} {i2c0 aliasref ps7_i2c_0 0} {ethernet0 aliasref
ps7_ethernet_0 0} {spi0 aliasref ps7_qspi_0 0} {spi1 aliasref axi_spi_0 1}
Running post_generate.
Running execs_generate.
Finished building libraries
14:02:17 **** Auto Build of project fsbl_bsp ****
make -k all 
libgen -hw ../cf_ad9467_zed_hw_platform/system.xml\
	       -lp /home/vladimir/cf_ad9467_zed\
	       -pe ps7_cortexa9_0 \
	       -log libgen.log \
	       system.mss
libgen
Xilinx EDK 14.7 Build EDK_P.20131013
Copyright (c) 1995-2012 Xilinx, Inc.  All rights reserved.

Command Line: libgen -hw ../cf_ad9467_zed_hw_platform/system.xml -lp
/home/vladimir/cf_ad9467_zed -pe ps7_cortexa9_0 -log libgen.log system.mss 


Staging source files.
Running DRCs.
Running generate.
Running post_generate.
Running include - 'gmake -s include "COMPILER=arm-xilinx-eabi-gcc"
"ARCHIVER=arm-xilinx-eabi-ar" "COMPILER_FLAGS= -O2 -c"
"EXTRA_COMPILER_FLAGS=-g"'.

Running libs - 'gmake -s libs "COMPILER=arm-xilinx-eabi-gcc"
"ARCHIVER=arm-xilinx-eabi-ar" "COMPILER_FLAGS= -O2 -c"
"EXTRA_COMPILER_FLAGS=-g"'.
Compiling common
arm-xilinx-eabi-ar: creating ../../../lib/libxil.a
Compiling standalone
Compiling axidma
Compiling spi
Compiling devcfg
Compiling dmaps
Compiling emacps
Compiling gpiops
Compiling iicps
Compiling qspips
Compiling scugic
Compiling scutimer
Compiling scuwdt
Compiling ttcps
Compiling uartps
Compiling usbps
Compiling xadcps
Compiling cpu_cortexa9
Running execs_generate.
Finished building libraries
14:02:32 **** Auto Build of configuration Release for project fsbl ****
make all 
make: Цель `all' не требует выполнения команд.
14:02:32 **** Auto Build of configuration Release for project fsbl ****
make all 
Building file: ../src/ps7_init.c
Invoking: ARM gcc compiler
arm-xilinx-eabi-gcc -Wall -O2 -c -fmessage-length=0 -I../../fsbl_bsp/ps7_cortexa9_0/include -MMD -MP -MF"src/ps7_init.d" -MT"src/ps7_init.d" -o "src/ps7_init.o" "../src/ps7_init.c"
Finished building: ../src/ps7_init.c
 
Building target: fsbl.elf
Invoking: ARM gcc linker
arm-xilinx-eabi-gcc -L"/home/vladimir/cf_ad9467_zed/SDK/SDK_Export/fsbl/src" -Wl,-T -Wl,../src/lscript.ld -L../../fsbl_bsp/ps7_cortexa9_0/lib -o "fsbl.elf"  ./src/ddr_init.o ./src/ff.o ./src/fsbl_handoff.o ./src/fsbl_hooks.o ./src/image_mover.o ./src/main.o ./src/md5.o ./src/mmc.o ./src/nand.o ./src/nor.o ./src/pcap.o ./src/ps7_init.o ./src/qspi.o ./src/rsa.o ./src/sd.o   -lrsa -Wl,--start-group,-lxil,-lgcc,-lc,--end-group
Finished building target: fsbl.elf
 
Invoking: ARM Print Size
arm-xilinx-eabi-size fsbl.elf  |tee "fsbl.elf.size"
   text	   data	    bss	    dec	    hex	filename
  57064	  11336	  72500	 140900	  22664	fsbl.elf
Finished building: fsbl.elf.size
 
17:33:45 **** Auto Build of project device-tree_bsp_0 ****
make -k all 
libgen -hw ../cf_ad9467_zed_hw_platform/system.xml\
	       -lp /home/vladimir/cf_ad9467_zed\
	       -pe ps7_cortexa9_0 \
	       -log libgen.log \
	       system.mss
libgen
Xilinx EDK 14.7 Build EDK_P.20131013
Copyright (c) 1995-2012 Xilinx, Inc.  All rights reserved.

Command Line: libgen -hw ../cf_ad9467_zed_hw_platform/system.xml -lp
/home/vladimir/cf_ad9467_zed -pe ps7_cortexa9_0 -log libgen.log system.mss 


Staging source files.
Running DRCs.
#--------------------------------------
# device-tree BSP DRC...
#--------------------------------------
Running generate.
#--------------------------------------
# device-tree BSP generate...
#--------------------------------------
--- device tree generator version: v1.1 ---
generating xilinx.dts
Clock Port Summary:
axi_adc_1c_0.S_AXI_ACLK connected to processing_system7_0_FCLK_CLK0:
    CLK_FREQ_HZ = WARNING: no frequency found!
axi_adc_1c_0.S_AXIS_S2MM_CLK connected to processing_system7_0_FCLK_CLK0:
    CLK_FREQ_HZ = WARNING: no frequency found!
axi_interconnect_1.INTERCONNECT_ACLK connected to
processing_system7_0_FCLK_CLK0:
    CLK_FREQ_HZ = WARNING: no frequency found!
axi_interconnect_1.S_AXI_ACLK connected to axi_interconnect_1_S_ACLK:
    CLK_FREQ_HZ = WARNING: no frequency found!
axi_interconnect_1.M_AXI_ACLK connected to axi_interconnect_1_M_ACLK:
    CLK_FREQ_HZ = WARNING: no frequency found!
axi_dma_0.s_axi_lite_aclk connected to processing_system7_0_FCLK_CLK0:
    CLK_FREQ_HZ = WARNING: no frequency found!
axi_dma_0.m_axi_sg_aclk connected to processing_system7_0_FCLK_CLK0:
    CLK_FREQ_HZ = WARNING: no frequency found!
axi_dma_0.m_axi_s2mm_aclk connected to processing_system7_0_FCLK_CLK0:
    CLK_FREQ_HZ = WARNING: no frequency found!
axi_interconnect_2.INTERCONNECT_ACLK connected to
processing_system7_0_FCLK_CLK0:
    CLK_FREQ_HZ = WARNING: no frequency found!
axi_interconnect_2.S_AXI_ACLK connected to axi_interconnect_2_S_ACLK:
    CLK_FREQ_HZ = WARNING: no frequency found!
axi_interconnect_2.M_AXI_ACLK connected to axi_interconnect_2_M_ACLK:
    CLK_FREQ_HZ = WARNING: no frequency found!
axi_spi_0.S_AXI_ACLK connected to processing_system7_0_FCLK_CLK0:
    CLK_FREQ_HZ = WARNING: no frequency found!
util_spi_3w_0.m_clk connected to processing_system7_0_FCLK_CLK0:
    CLK_FREQ_HZ = WARNING: no frequency found!
chipscope_ila_0.CLK connected to adc_clk:
    CLK_FREQ_HZ = WARNING: no frequency found!
ps7_axi_interconnect_0.M_AXI_GP0_ACLK connected to
processing_system7_0_FCLK_CLK0:
    CLK_FREQ_HZ = WARNING: no frequency found!
ps7_axi_interconnect_0.M_AXI_GP1_ACLK connected to
ps7_axi_interconnect_0_M_AXI_GP1_ACLK:
    CLK_FREQ_HZ = WARNING: no frequency found!
ps7_axi_interconnect_0.S_AXI_HP1_ACLK connected to
ps7_axi_interconnect_0_S_AXI_HP1_ACLK:
    CLK_FREQ_HZ = WARNING: no frequency found!
ps7_axi_interconnect_0.S_AXI_ACP_ACLK connected to
ps7_axi_interconnect_0_S_AXI_ACP_ACLK:
    CLK_FREQ_HZ = WARNING: no frequency found!
ps7_axi_interconnect_0.S_AXI_GP1_ACLK connected to
ps7_axi_interconnect_0_S_AXI_GP1_ACLK:
    CLK_FREQ_HZ = WARNING: no frequency found!
ps7_axi_interconnect_0.S_AXI_GP0_ACLK connected to
ps7_axi_interconnect_0_S_AXI_GP0_ACLK:
    CLK_FREQ_HZ = WARNING: no frequency found!
ps7_axi_interconnect_0.S_AXI_HP3_ACLK connected to
ps7_axi_interconnect_0_S_AXI_HP3_ACLK:
    CLK_FREQ_HZ = WARNING: no frequency found!
ps7_axi_interconnect_0.S_AXI_HP2_ACLK connected to
ps7_axi_interconnect_0_S_AXI_HP2_ACLK:
    CLK_FREQ_HZ = WARNING: no frequency found!
ps7_axi_interconnect_0.S_AXI_HP0_ACLK connected to
processing_system7_0_FCLK_CLK0:
    CLK_FREQ_HZ = WARNING: no frequency found!
ps7_axi_interconnect_0.S_AXI_ACLK connected to ps7_axi_interconnect_0_S_ACLK:
    CLK_FREQ_HZ = WARNING: no frequency found!
ps7_axi_interconnect_0.M_AXI_ACLK connected to ps7_axi_interconnect_0_M_ACLK:
    CLK_FREQ_HZ = WARNING: no frequency found!
IP connected to bus: ps7_axi_interconnect_0
-master M_AXI_DP ps7_axi_interconnect_0 ps7_cortexa9_0
-master M_AXI_DP ps7_axi_interconnect_0 ps7_cortexa9_1
-slave S_AXI ps7_axi_interconnect_0 ps7_uart_1
-slave S_AXI ps7_axi_interconnect_0 ps7_i2c_0
-slave S_AXI ps7_axi_interconnect_0 ps7_afi_0
-slave S_AXI ps7_axi_interconnect_0 ps7_afi_1
-slave S_AXI ps7_axi_interconnect_0 ps7_afi_2
-slave S_AXI ps7_axi_interconnect_0 ps7_afi_3
-slave S_AXI ps7_axi_interconnect_0 ps7_sd_0
-slave S_AXI ps7_axi_interconnect_0 ps7_ttc_0
-slave S_AXI ps7_axi_interconnect_0 ps7_ethernet_0
-slave S_AXI ps7_axi_interconnect_0 ps7_usb_0
-slave S_AXI ps7_axi_interconnect_0 ps7_qspi_0
-slave S_AXI ps7_axi_interconnect_0 ps7_qspi_linear_0
-slave S_AXI ps7_axi_interconnect_0 ps7_pjtag_0
-slave S_AXI ps7_axi_interconnect_0 ps7_ddr_0
-slave S_AXI ps7_axi_interconnect_0 ps7_gpio_0
-slave S_AXI ps7_axi_interconnect_0 ps7_ddrc_0
-slave S_AXI ps7_axi_interconnect_0 ps7_dev_cfg_0
-slave S_AXI ps7_axi_interconnect_0 ps7_xadc_0
-slave S_AXI ps7_axi_interconnect_0 ps7_coresight_comp_0
-slave S_AXI ps7_axi_interconnect_0 ps7_ocmc_0
-slave S_AXI ps7_axi_interconnect_0 ps7_gpv_0
-slave S_AXI ps7_axi_interconnect_0 ps7_scuc_0
-slave S_AXI ps7_axi_interconnect_0 ps7_intc_dist_0
-slave S_AXI ps7_axi_interconnect_0 ps7_globaltimer_0
-slave S_AXI ps7_axi_interconnect_0 ps7_l2cachec_0
-slave S_AXI_LITE ps7_axi_interconnect_0 ps7_dma_s
-slave S_AXI ps7_axi_interconnect_0 ps7_iop_bus_config_0
-slave S_AXI ps7_axi_interconnect_0 ps7_ram_0
-slave S_AXI ps7_axi_interconnect_0 ps7_ram_1
-slave S_AXI ps7_axi_interconnect_0 ps7_scugic_0
-slave S_AXI ps7_axi_interconnect_0 ps7_scutimer_0
-slave S_AXI ps7_axi_interconnect_0 ps7_scuwdt_0
-slave S_AXI ps7_axi_interconnect_0 ps7_slcr_0
-slave S_AXI_LITE ps7_axi_interconnect_0 ps7_dma_ns
-slave axi_adc_1c_0
-slave axi_dma_0
-slave axi_spi_0
-slave ps7_afi_0
IP 63043824 ps7_afi_0 is already appended - skip it
-slave ps7_afi_1
IP 63044224 ps7_afi_1 is already appended - skip it
-slave ps7_afi_2
IP 63044624 ps7_afi_2 is already appended - skip it
-slave ps7_afi_3
IP 63045024 ps7_afi_3 is already appended - skip it
-slave ps7_coresight_comp_0
IP 63050624 ps7_coresight_comp_0 is already appended - skip it
-slave ps7_ddr_0
IP 63048224 ps7_ddr_0 is already appended - skip it
-slave ps7_ddrc_0
IP 63049424 ps7_ddrc_0 is already appended - skip it
-slave ps7_dev_cfg_0
IP 63049824 ps7_dev_cfg_0 is already appended - skip it
-slave ps7_dma_ns
-slave ps7_dma_s
IP 62711296 ps7_dma_s is already appended - skip it
-slave ps7_ethernet_0
IP 63046224 ps7_ethernet_0 is already appended - skip it
-slave ps7_globaltimer_0
IP 62710496 ps7_globaltimer_0 is already appended - skip it
-slave ps7_gpio_0
IP 63048624 ps7_gpio_0 is already appended - skip it
-slave ps7_gpv_0
IP 62709296 ps7_gpv_0 is already appended - skip it
-slave ps7_i2c_0
IP 63043424 ps7_i2c_0 is already appended - skip it
-slave ps7_intc_dist_0
IP 62710096 ps7_intc_dist_0 is already appended - skip it
-slave ps7_iop_bus_config_0
IP 62711696 ps7_iop_bus_config_0 is already appended - skip it
-slave ps7_l2cachec_0
IP 62710896 ps7_l2cachec_0 is already appended - skip it
-slave ps7_ocmc_0
IP 62708896 ps7_ocmc_0 is already appended - skip it
-slave ps7_pjtag_0
IP 63047824 ps7_pjtag_0 is already appended - skip it
-slave ps7_qspi_0
IP 63047024 ps7_qspi_0 is already appended - skip it
-slave ps7_qspi_linear_0
IP 63047424 ps7_qspi_linear_0 is already appended - skip it
-slave ps7_ram_0
IP 62712096 ps7_ram_0 is already appended - skip it
-slave ps7_ram_1
IP 62712496 ps7_ram_1 is already appended - skip it
-slave ps7_scuc_0
IP 62709696 ps7_scuc_0 is already appended - skip it
-slave ps7_scugic_0
IP 62712896 ps7_scugic_0 is already appended - skip it
-slave ps7_scutimer_0
IP 62713296 ps7_scutimer_0 is already appended - skip it
-slave ps7_scuwdt_0
IP 62713696 ps7_scuwdt_0 is already appended - skip it
-slave ps7_sd_0
IP 63045424 ps7_sd_0 is already appended - skip it
-slave ps7_slcr_0
IP 62714096 ps7_slcr_0 is already appended - skip it
-slave ps7_ttc_0
IP 63045824 ps7_ttc_0 is already appended - skip it
-slave ps7_uart_1
IP 63043024 ps7_uart_1 is already appended - skip it
-slave ps7_usb_0
IP 63046624 ps7_usb_0 is already appended - skip it
-slave ps7_xadc_0
IP 63050224 ps7_xadc_0 is already appended - skip it
ps7_afi_0
ps7_afi_1
ps7_afi_2
ps7_afi_3
ps7_pjtag_0
ps7_coresight_comp_0
ps7_ocmc_0
ps7_gpv_0
ps7_scuc_0
ps7_intc_dist_0
ps7_globaltimer_0
ps7_l2cachec_0
axi_adc_1c_0
{serial0 aliasref ps7_uart_1 0} {i2c0 aliasref ps7_i2c_0 0} {ethernet0 aliasref
ps7_ethernet_0 0} {spi0 aliasref ps7_qspi_0 0} {spi1 aliasref axi_spi_0 1}
Running post_generate.
Running execs_generate.
Finished building libraries
17:33:50 **** Auto Build of project fsbl_bsp ****
make -k all 
Finished building libraries
17:33:50 **** Auto Build of configuration Release for project fsbl ****
make all 
make: Цель `all' не требует выполнения команд.
09:25:45 **** Build of project device-tree_bsp_0 ****
make -k all 
libgen -hw ../cf_ad9467_zed_hw_platform/system.xml\
	       -lp /home/vladimir/cf_ad9467_zed\
	       -pe ps7_cortexa9_0 \
	       -log libgen.log \
	       system.mss
libgen
Xilinx EDK 14.7 Build EDK_P.20131013
Copyright (c) 1995-2012 Xilinx, Inc.  All rights reserved.

Command Line: libgen -hw ../cf_ad9467_zed_hw_platform/system.xml -lp
/home/vladimir/cf_ad9467_zed -pe ps7_cortexa9_0 -log libgen.log system.mss 


Staging source files.
Running DRCs.
#--------------------------------------
# device-tree BSP DRC...
#--------------------------------------
Running generate.
#--------------------------------------
# device-tree BSP generate...
#--------------------------------------
--- device tree generator version: v1.1 ---
generating xilinx.dts
Clock Port Summary:
ERROR:EDK:2950 - 
   Unknown MDT DataBase Function get_wclock_frequency 
ERROR:EDK - device-tree () -  
ERROR:EDK:3416 - Error(s) while running TCL procedure generate().
make: *** [ps7_cortexa9_0/lib/libxil.a] Ошибка 2
make: Цель `all' не была пересобрана из-за ошибок.
09:25:47 **** Build of project fsbl_bsp ****
make -k all 
libgen -hw ../cf_ad9467_zed_hw_platform/system.xml\
	       -lp /home/vladimir/cf_ad9467_zed\
	       -pe ps7_cortexa9_0 \
	       -log libgen.log \
	       system.mss
libgen
Xilinx EDK 14.7 Build EDK_P.20131013
Copyright (c) 1995-2012 Xilinx, Inc.  All rights reserved.

Command Line: libgen -hw ../cf_ad9467_zed_hw_platform/system.xml -lp
/home/vladimir/cf_ad9467_zed -pe ps7_cortexa9_0 -log libgen.log system.mss 


Staging source files.
Running DRCs.
Running generate.
Running post_generate.
Running include - 'gmake -s include "COMPILER=arm-xilinx-eabi-gcc"
"ARCHIVER=arm-xilinx-eabi-ar" "COMPILER_FLAGS= -O2 -c"
"EXTRA_COMPILER_FLAGS=-g"'.

Running libs - 'gmake -s libs "COMPILER=arm-xilinx-eabi-gcc"
"ARCHIVER=arm-xilinx-eabi-ar" "COMPILER_FLAGS= -O2 -c"
"EXTRA_COMPILER_FLAGS=-g"'.
Compiling common
arm-xilinx-eabi-ar: creating ../../../lib/libxil.a
Compiling standalone
Compiling axidma
Compiling spi
Compiling devcfg
Compiling dmaps
Compiling emacps
Compiling gpiops
Compiling iicps
Compiling qspips
Compiling scugic
Compiling scutimer
Compiling scuwdt
Compiling ttcps
Compiling uartps
Compiling usbps
Compiling xadcps
Compiling cpu_cortexa9
Running execs_generate.
Finished building libraries
09:26:01 **** Build of configuration Release for project fsbl ****
make all 
Building file: ../src/ps7_init.c
Invoking: ARM gcc compiler
arm-xilinx-eabi-gcc -Wall -O2 -c -fmessage-length=0 -I../../fsbl_bsp/ps7_cortexa9_0/include -MMD -MP -MF"src/ps7_init.d" -MT"src/ps7_init.d" -o "src/ps7_init.o" "../src/ps7_init.c"
Finished building: ../src/ps7_init.c
 
Building target: fsbl.elf
Invoking: ARM gcc linker
arm-xilinx-eabi-gcc -L"/home/vladimir/cf_ad9467_zed/SDK/SDK_Export/fsbl/src" -Wl,-T -Wl,../src/lscript.ld -L../../fsbl_bsp/ps7_cortexa9_0/lib -o "fsbl.elf"  ./src/ddr_init.o ./src/ff.o ./src/fsbl_handoff.o ./src/fsbl_hooks.o ./src/image_mover.o ./src/main.o ./src/md5.o ./src/mmc.o ./src/nand.o ./src/nor.o ./src/pcap.o ./src/ps7_init.o ./src/qspi.o ./src/rsa.o ./src/sd.o   -lrsa -Wl,--start-group,-lxil,-lgcc,-lc,--end-group
Finished building target: fsbl.elf
 
Invoking: ARM Print Size
arm-xilinx-eabi-size fsbl.elf  |tee "fsbl.elf.size"
   text	   data	    bss	    dec	    hex	filename
  57064	  11336	  72500	 140900	  22664	fsbl.elf
Finished building: fsbl.elf.size
 
09:30:40 **** Auto Build of project device-tree_bsp_0 ****
make -k all 
libgen -hw ../cf_ad9467_zed_hw_platform/system.xml\
	       -lp /home/vladimir/cf_ad9467_zed\
	       -pe ps7_cortexa9_0 \
	       -log libgen.log \
	       system.mss
libgen
Xilinx EDK 14.7 Build EDK_P.20131013
Copyright (c) 1995-2012 Xilinx, Inc.  All rights reserved.

Command Line: libgen -hw ../cf_ad9467_zed_hw_platform/system.xml -lp
/home/vladimir/cf_ad9467_zed -pe ps7_cortexa9_0 -log libgen.log system.mss 


Staging source files.
Running DRCs.
#--------------------------------------
# device-tree BSP DRC...
#--------------------------------------
Running generate.
#--------------------------------------
# device-tree BSP generate...
#--------------------------------------
--- device tree generator version: v1.1 ---
generating xilinx.dts
Clock Port Summary:
ERROR:EDK:2950 - 
   Unknown MDT DataBase Function get_wclock_frequency 
ERROR:EDK - device-tree () -  
ERROR:EDK:3416 - Error(s) while running TCL procedure generate().
make: *** [ps7_cortexa9_0/lib/libxil.a] Ошибка 2
make: Цель `all' не была пересобрана из-за ошибок.
09:30:44 **** Auto Build of project fsbl_bsp ****
make -k all 
libgen -hw ../cf_ad9467_zed_hw_platform/system.xml\
	       -lp /home/vladimir/cf_ad9467_zed\
	       -pe ps7_cortexa9_0 \
	       -log libgen.log \
	       system.mss
libgen
Xilinx EDK 14.7 Build EDK_P.20131013
Copyright (c) 1995-2012 Xilinx, Inc.  All rights reserved.

Command Line: libgen -hw ../cf_ad9467_zed_hw_platform/system.xml -lp
/home/vladimir/cf_ad9467_zed -pe ps7_cortexa9_0 -log libgen.log system.mss 


Staging source files.
Running DRCs.
Running generate.
Running post_generate.
Running include - 'gmake -s include "COMPILER=arm-xilinx-eabi-gcc"
"ARCHIVER=arm-xilinx-eabi-ar" "COMPILER_FLAGS= -O2 -c"
"EXTRA_COMPILER_FLAGS=-g"'.

Running libs - 'gmake -s libs "COMPILER=arm-xilinx-eabi-gcc"
"ARCHIVER=arm-xilinx-eabi-ar" "COMPILER_FLAGS= -O2 -c"
"EXTRA_COMPILER_FLAGS=-g"'.
Compiling common
arm-xilinx-eabi-ar: creating ../../../lib/libxil.a
Compiling standalone
Compiling axidma
Compiling spi
Compiling devcfg
Compiling dmaps
Compiling emacps
Compiling gpiops
Compiling iicps
Compiling qspips
Compiling scugic
Compiling scutimer
Compiling scuwdt
Compiling ttcps
Compiling uartps
Compiling usbps
Compiling xadcps
Compiling cpu_cortexa9
Running execs_generate.
Finished building libraries
09:30:58 **** Auto Build of configuration Release for project fsbl ****
make all 
make: Цель `all' не требует выполнения команд.
12:49:44 **** Build of project device-tree_bsp_0 ****
make -k all 
libgen -hw ../cf_ad9467_zed_hw_platform/system.xml\
	       -lp /home/vladimir/cf_ad9467_zed\
	       -pe ps7_cortexa9_0 \
	       -log libgen.log \
	       system.mss
libgen
Xilinx EDK 14.7 Build EDK_P.20131013
Copyright (c) 1995-2012 Xilinx, Inc.  All rights reserved.

Command Line: libgen -hw ../cf_ad9467_zed_hw_platform/system.xml -lp
/home/vladimir/cf_ad9467_zed -pe ps7_cortexa9_0 -log libgen.log system.mss 


Staging source files.
Running DRCs.
#--------------------------------------
# device-tree BSP DRC...
#--------------------------------------
Running generate.
#--------------------------------------
# device-tree BSP generate...
#--------------------------------------
--- device tree generator version: v1.1 ---
generating xilinx.dts
Clock Port Summary:
ERROR:EDK:2950 - 
   Unknown MDT DataBase Function get_wclock_frequency 
ERROR:EDK - device-tree () -  
ERROR:EDK:3416 - Error(s) while running TCL procedure generate().
make: *** [ps7_cortexa9_0/lib/libxil.a] Ошибка 2
make: Цель `all' не была пересобрана из-за ошибок.
12:49:46 **** Build of project fsbl_bsp ****
make -k all 
Finished building libraries
12:49:46 **** Build of configuration Release for project fsbl ****
make all 
Building file: ../src/ps7_init.c
Invoking: ARM gcc compiler
arm-xilinx-eabi-gcc -Wall -O2 -c -fmessage-length=0 -I../../fsbl_bsp/ps7_cortexa9_0/include -MMD -MP -MF"src/ps7_init.d" -MT"src/ps7_init.d" -o "src/ps7_init.o" "../src/ps7_init.c"
Finished building: ../src/ps7_init.c
 
Building target: fsbl.elf
Invoking: ARM gcc linker
arm-xilinx-eabi-gcc -L"/home/vladimir/cf_ad9467_zed/SDK/SDK_Export/fsbl/src" -Wl,-T -Wl,../src/lscript.ld -L../../fsbl_bsp/ps7_cortexa9_0/lib -o "fsbl.elf"  ./src/ddr_init.o ./src/ff.o ./src/fsbl_handoff.o ./src/fsbl_hooks.o ./src/image_mover.o ./src/main.o ./src/md5.o ./src/mmc.o ./src/nand.o ./src/nor.o ./src/pcap.o ./src/ps7_init.o ./src/qspi.o ./src/rsa.o ./src/sd.o   -lrsa -Wl,--start-group,-lxil,-lgcc,-lc,--end-group
Finished building target: fsbl.elf
 
Invoking: ARM Print Size
arm-xilinx-eabi-size fsbl.elf  |tee "fsbl.elf.size"
   text	   data	    bss	    dec	    hex	filename
  57064	  11336	  72500	 140900	  22664	fsbl.elf
Finished building: fsbl.elf.size
 
13:26:05 **** Incremental Build of configuration Release for project fsbl ****
make all 
make: Цель `all' не требует выполнения команд.
14:04:54 **** Incremental Build of configuration Release for project fsbl ****
make all 
make: Цель `all' не требует выполнения команд.
14:49:28 **** Incremental Build of configuration Release for project fsbl ****
make all 
make: Цель `all' не требует выполнения команд.
15:37:44 **** Incremental Build of configuration Release for project fsbl ****
make all 
make: Цель `all' не требует выполнения команд.
16:09:41 **** Incremental Build of configuration Release for project fsbl ****
make all 
make: Цель `all' не требует выполнения команд.
10:39:33 **** Incremental Build of configuration Release for project fsbl ****
make all 
make: Цель `all' не требует выполнения команд.
